// Jest Snapshot v1, https://goo.gl/fbAQLP

exports[`Snapshot-testi testataan DomElementit 1`] = `
Array [
  <h1
    data-testid="laskuri"
  >
    0
  </h1>,
  <button
    data-testid="nappi-ylos"
    onClick={[Function]}
  >
    Yl√∂s
  </button>,
  <button
    data-testid="nappi-alas"
    disabled={true}
    onClick={[Function]}
  >
    Alas
  </button>,
]
`;
